0	02:04:02.182	Compiling 'MACD Sample'
0	02:04:02.182	Compiling 'Moving Average'
0	02:04:03.999	Compiling 'Accelerator'
0	02:04:03.999	Compiling 'Accumulation'
0	02:04:03.999	Compiling 'Alligator'
0	02:04:03.999	Compiling 'ATR'
0	02:04:03.999	Compiling 'Awesome'
0	02:04:03.999	Compiling 'Bands'
0	02:04:03.999	Compiling 'Bears'
0	02:04:03.999	Compiling 'Bulls'
0	02:04:03.999	Compiling 'CCI'
0	02:04:03.999	Compiling 'Custom Moving Averages'
0	02:04:03.999	Compiling 'Heiken Ashi'
0	02:04:03.999	Compiling 'Ichimoku'
0	02:04:03.999	Compiling 'iExposure'
0	02:04:03.999	Compiling 'MACD'
0	02:04:03.999	Compiling 'Momentum'
0	02:04:03.999	Compiling 'OsMA'
0	02:04:03.999	Compiling 'Parabolic'
0	02:04:03.999	Compiling 'RSI'
0	02:04:03.999	Compiling 'Stochastic'
0	02:04:03.999	Compiling 'ZigZag'
0	02:04:03.999	Compiling 'SimplePanel'
0	02:04:08.465	Compiling 'PeriodConverter'
0	02:04:08.465	Compiling 'DLLSampleTester'
0	02:04:08.466	Compiling 'PipeClient'
0	02:04:08.466	Compiling 'PipeClientPure'
0	02:04:12.240	Compiling 'stdlib'
0	13:40:08.808	Expert MACD Sample EURUSD,H4: loaded successfully
0	13:40:19.487	MACD Sample EURUSD,H4 inputs: TakeProfit=50.0; Lots=0.1; TrailingStop=30.0; MACDOpenLevel=3.0; MACDCloseLevel=2.0; MATrendPeriod=26; 
0	13:40:19.519	MACD Sample EURUSD,H4: initialized
0	13:40:19.893	MACD Sample EURUSD,H4: We have no money. Free Margin = 69.22
0	13:40:22.270	MACD Sample EURUSD,H4: We have no money. Free Margin = 69.22
0	13:40:22.395	MACD Sample EURUSD,H4: We have no money. Free Margin = 69.22
0	13:40:22.507	MACD Sample EURUSD,H4: We have no money. Free Margin = 69.22
0	13:40:26.309	MACD Sample EURUSD,H4: We have no money. Free Margin = 69.22
0	13:40:31.568	MACD Sample EURUSD,H4: We have no money. Free Margin = 69.22
0	13:40:31.865	MACD Sample EURUSD,H4: We have no money. Free Margin = 69.22
0	13:40:31.989	MACD Sample EURUSD,H4: We have no money. Free Margin = 69.22
0	13:40:34.733	MACD Sample EURUSD,H4: We have no money. Free Margin = 69.22
0	13:40:34.858	MACD Sample EURUSD,H4: We have no money. Free Margin = 69.22
0	13:40:40.865	MACD Sample EURUSD,H4: We have no money. Free Margin = 69.22
0	13:40:40.990	MACD Sample EURUSD,H4: We have no money. Free Margin = 69.22
0	13:40:41.458	MACD Sample EURUSD,H4: We have no money. Free Margin = 69.22
0	13:40:49.182	MACD Sample EURUSD,H4: We have no money. Free Margin = 69.22
0	13:40:49.818	MACD Sample EURUSD,H4: We have no money. Free Margin = 69.22
0	13:40:52.353	MACD Sample EURUSD,H4: We have no money. Free Margin = 69.22
0	13:40:52.771	MACD Sample EURUSD,H4: We have no money. Free Margin = 69.22
0	13:40:52.896	MACD Sample EURUSD,H4: We have no money. Free Margin = 69.22
0	13:40:53.145	MACD Sample EURUSD,H4: We have no money. Free Margin = 69.22
0	13:40:56.255	MACD Sample EURUSD,H4: We have no money. Free Margin = 69.22
0	13:40:56.364	MACD Sample EURUSD,H4: We have no money. Free Margin = 69.22
0	13:40:56.547	MACD Sample EURUSD,H4: We have no money. Free Margin = 69.22
0	13:40:59.263	MACD Sample EURUSD,H4: We have no money. Free Margin = 69.22
0	13:41:03.354	MACD Sample EURUSD,H4: We have no money. Free Margin = 69.22
0	13:41:03.849	MACD Sample EURUSD,H4: We have no money. Free Margin = 69.22
0	13:41:05.187	MACD Sample EURUSD,H4: We have no money. Free Margin = 69.22
0	13:41:06.631	MACD Sample EURUSD,H4: We have no money. Free Margin = 69.22
0	13:41:06.740	MACD Sample EURUSD,H4: We have no money. Free Margin = 69.22
0	13:41:06.865	MACD Sample EURUSD,H4: We have no money. Free Margin = 69.22
0	13:41:07.021	MACD Sample EURUSD,H4: We have no money. Free Margin = 69.22
0	13:41:07.161	MACD Sample EURUSD,H4: We have no money. Free Margin = 69.22
0	13:41:08.026	MACD Sample EURUSD,H4: We have no money. Free Margin = 69.22
0	13:41:12.568	MACD Sample EURUSD,H4: We have no money. Free Margin = 69.22
0	13:41:15.773	MACD Sample EURUSD,H4: We have no money. Free Margin = 69.22
0	13:41:15.898	MACD Sample EURUSD,H4: We have no money. Free Margin = 69.22
0	13:41:16.534	MACD Sample EURUSD,H4: We have no money. Free Margin = 69.22
0	13:41:16.659	MACD Sample EURUSD,H4: We have no money. Free Margin = 69.22
0	13:41:17.486	MACD Sample EURUSD,H4: We have no money. Free Margin = 69.22
0	13:41:17.716	MACD Sample EURUSD,H4: We have no money. Free Margin = 69.22
0	13:41:18.839	MACD Sample EURUSD,H4: We have no money. Free Margin = 69.22
0	13:41:20.124	MACD Sample EURUSD,H4: We have no money. Free Margin = 69.22
0	13:41:21.048	MACD Sample EURUSD,H4: We have no money. Free Margin = 69.22
0	13:41:26.824	MACD Sample EURUSD,H4: We have no money. Free Margin = 69.22
0	13:41:30.401	MACD Sample EURUSD,H4: We have no money. Free Margin = 69.22
0	13:41:30.912	MACD Sample EURUSD,H4: We have no money. Free Margin = 69.22
0	13:41:32.227	MACD Sample EURUSD,H4: We have no money. Free Margin = 69.22
0	13:41:32.511	MACD Sample EURUSD,H4: We have no money. Free Margin = 69.22
0	13:41:32.627	MACD Sample EURUSD,H4: We have no money. Free Margin = 69.22
0	13:41:33.631	MACD Sample EURUSD,H4: We have no money. Free Margin = 69.22
0	13:41:33.787	MACD Sample EURUSD,H4: We have no money. Free Margin = 69.22
0	13:41:33.974	MACD Sample EURUSD,H4: We have no money. Free Margin = 69.22
0	13:41:34.177	MACD Sample EURUSD,H4: We have no money. Free Margin = 69.22
0	13:41:36.003	MACD Sample EURUSD,H4: We have no money. Free Margin = 69.22
0	13:41:36.128	MACD Sample EURUSD,H4: We have no money. Free Margin = 69.22
0	13:41:37.249	MACD Sample EURUSD,H4: We have no money. Free Margin = 69.22
0	13:41:40.574	MACD Sample EURUSD,H4: We have no money. Free Margin = 69.22
0	13:41:40.699	MACD Sample EURUSD,H4: We have no money. Free Margin = 69.22
0	13:41:44.542	MACD Sample EURUSD,H4: We have no money. Free Margin = 69.22
0	13:41:44.651	MACD Sample EURUSD,H4: We have no money. Free Margin = 69.22
0	13:41:45.631	MACD Sample EURUSD,H4: We have no money. Free Margin = 69.22
0	13:41:45.755	MACD Sample EURUSD,H4: We have no money. Free Margin = 69.22
0	13:41:45.880	MACD Sample EURUSD,H4: We have no money. Free Margin = 69.22
0	13:41:48.765	MACD Sample EURUSD,H4: We have no money. Free Margin = 69.22
0	13:41:48.874	MACD Sample EURUSD,H4: We have no money. Free Margin = 69.22
0	13:41:48.999	MACD Sample EURUSD,H4: We have no money. Free Margin = 69.22
0	13:41:49.636	MACD Sample EURUSD,H4: We have no money. Free Margin = 69.22
0	13:41:50.615	MACD Sample EURUSD,H4: We have no money. Free Margin = 69.22
0	13:41:51.688	MACD Sample EURUSD,H4: We have no money. Free Margin = 69.22
0	13:41:53.646	MACD Sample EURUSD,H4: We have no money. Free Margin = 69.22
0	13:41:53.787	MACD Sample EURUSD,H4: We have no money. Free Margin = 69.22
0	13:41:54.270	MACD Sample EURUSD,H4: We have no money. Free Margin = 69.22
0	13:41:54.426	MACD Sample EURUSD,H4: We have no money. Free Margin = 69.22
0	13:41:54.594	MACD Sample EURUSD,H4: We have no money. Free Margin = 69.22
0	13:41:59.758	MACD Sample EURUSD,H4: We have no money. Free Margin = 69.22
0	13:41:59.899	MACD Sample EURUSD,H4: We have no money. Free Margin = 69.22
0	13:42:01.881	MACD Sample EURUSD,H4: We have no money. Free Margin = 69.22
0	13:42:02.490	MACD Sample EURUSD,H4: We have no money. Free Margin = 69.22
0	13:42:02.892	MACD Sample EURUSD,H4: We have no money. Free Margin = 69.22
0	13:42:03.016	MACD Sample EURUSD,H4: We have no money. Free Margin = 69.22
0	13:42:03.126	MACD Sample EURUSD,H4: We have no money. Free Margin = 69.22
0	13:42:03.297	MACD Sample EURUSD,H4: We have no money. Free Margin = 69.22
0	13:42:03.621	MACD Sample EURUSD,H4: We have no money. Free Margin = 69.22
0	13:42:03.902	MACD Sample EURUSD,H4: We have no money. Free Margin = 69.22
0	13:42:04.027	MACD Sample EURUSD,H4: We have no money. Free Margin = 69.22
0	13:42:04.539	MACD Sample EURUSD,H4: We have no money. Free Margin = 69.22
0	13:42:05.534	MACD Sample EURUSD,H4: We have no money. Free Margin = 69.22
0	13:42:05.659	MACD Sample EURUSD,H4: We have no money. Free Margin = 69.22
0	13:42:05.783	MACD Sample EURUSD,H4: We have no money. Free Margin = 69.22
0	13:42:06.205	MACD Sample EURUSD,H4: We have no money. Free Margin = 69.22
0	13:42:06.872	MACD Sample EURUSD,H4: We have no money. Free Margin = 69.22
0	13:42:09.751	MACD Sample EURUSD,H4: We have no money. Free Margin = 69.22
0	13:42:11.292	MACD Sample EURUSD,H4: We have no money. Free Margin = 69.22
0	13:42:11.417	MACD Sample EURUSD,H4: We have no money. Free Margin = 69.22
0	13:42:11.714	MACD Sample EURUSD,H4: We have no money. Free Margin = 69.22
0	13:42:11.839	MACD Sample EURUSD,H4: We have no money. Free Margin = 69.22
0	13:42:13.954	MACD Sample EURUSD,H4: We have no money. Free Margin = 69.22
0	13:42:14.188	MACD Sample EURUSD,H4: We have no money. Free Margin = 69.22
0	13:42:14.312	MACD Sample EURUSD,H4: We have no money. Free Margin = 69.22
0	13:42:14.437	MACD Sample EURUSD,H4: We have no money. Free Margin = 69.22
0	13:42:14.558	MACD Sample EURUSD,H4: We have no money. Free Margin = 69.22
0	13:42:14.730	MACD Sample EURUSD,H4: We have no money. Free Margin = 69.22
0	13:42:14.980	MACD Sample EURUSD,H4: We have no money. Free Margin = 69.22
0	13:42:15.167	MACD Sample EURUSD,H4: We have no money. Free Margin = 69.22
0	13:42:15.463	MACD Sample EURUSD,H4: We have no money. Free Margin = 69.22
0	13:42:15.834	MACD Sample EURUSD,H4: We have no money. Free Margin = 69.22
0	13:42:15.990	MACD Sample EURUSD,H4: We have no money. Free Margin = 69.22
0	13:42:16.318	MACD Sample EURUSD,H4: We have no money. Free Margin = 69.22
0	13:42:16.595	MACD Sample EURUSD,H4: We have no money. Free Margin = 69.22
0	13:42:18.553	MACD Sample EURUSD,H4: We have no money. Free Margin = 69.22
0	13:42:18.974	MACD Sample EURUSD,H4: We have no money. Free Margin = 69.22
0	13:42:19.099	MACD Sample EURUSD,H4: We have no money. Free Margin = 69.22
0	13:42:19.224	MACD Sample EURUSD,H4: We have no money. Free Margin = 69.22
0	13:42:20.605	MACD Sample EURUSD,H4: We have no money. Free Margin = 69.22
0	13:42:20.792	MACD Sample EURUSD,H4: We have no money. Free Margin = 69.22
0	13:42:22.162	MACD Sample EURUSD,H4: We have no money. Free Margin = 69.22
0	13:42:25.517	MACD Sample EURUSD,H4: We have no money. Free Margin = 69.22
0	13:42:30.138	MACD Sample EURUSD,H4: We have no money. Free Margin = 69.22
0	13:42:30.372	MACD Sample EURUSD,H4: We have no money. Free Margin = 69.22
0	13:42:30.497	MACD Sample EURUSD,H4: We have no money. Free Margin = 69.22
0	13:42:30.622	MACD Sample EURUSD,H4: We have no money. Free Margin = 69.22
0	13:42:31.137	MACD Sample EURUSD,H4: We have no money. Free Margin = 69.22
0	13:42:31.776	MACD Sample EURUSD,H4: We have no money. Free Margin = 69.22
0	13:42:31.901	MACD Sample EURUSD,H4: We have no money. Free Margin = 69.22
0	13:42:32.513	MACD Sample EURUSD,H4: We have no money. Free Margin = 69.22
0	13:42:32.630	MACD Sample EURUSD,H4: We have no money. Free Margin = 69.22
0	13:42:33.828	MACD Sample EURUSD,H4: We have no money. Free Margin = 69.22
0	13:42:34.916	MACD Sample EURUSD,H4: We have no money. Free Margin = 69.22
0	13:42:45.106	MACD Sample EURUSD,H4: We have no money. Free Margin = 69.22
0	13:42:46.553	MACD Sample EURUSD,H4: We have no money. Free Margin = 69.22
0	13:42:51.995	MACD Sample EURUSD,H4: We have no money. Free Margin = 69.22
0	13:42:53.146	MACD Sample EURUSD,H4: We have no money. Free Margin = 69.22
0	13:42:53.564	MACD Sample EURUSD,H4: We have no money. Free Margin = 69.22
0	13:42:55.011	MACD Sample EURUSD,H4: We have no money. Free Margin = 69.22
0	13:42:57.590	MACD Sample EURUSD,H4: We have no money. Free Margin = 69.22
0	13:43:02.891	MACD Sample EURUSD,H4: We have no money. Free Margin = 69.22
0	13:43:03.001	MACD Sample EURUSD,H4: We have no money. Free Margin = 69.22
0	13:43:03.359	MACD Sample EURUSD,H4: We have no money. Free Margin = 69.22
0	13:43:04.261	MACD Sample EURUSD,H4: We have no money. Free Margin = 69.22
0	13:43:04.546	MACD Sample EURUSD,H4: We have no money. Free Margin = 69.22
0	13:43:13.260	MACD Sample EURUSD,H4: We have no money. Free Margin = 69.22
0	13:43:14.766	MACD Sample EURUSD,H4: We have no money. Free Margin = 69.22
0	13:43:15.016	MACD Sample EURUSD,H4: We have no money. Free Margin = 69.22
0	13:43:15.468	MACD Sample EURUSD,H4: We have no money. Free Margin = 69.22
0	13:43:15.589	MACD Sample EURUSD,H4: We have no money. Free Margin = 69.22
0	13:43:16.834	MACD Sample EURUSD,H4: We have no money. Free Margin = 69.22
0	13:43:17.255	MACD Sample EURUSD,H4: We have no money. Free Margin = 69.22
0	13:43:17.286	MACD Sample EURUSD,H4: We have no money. Free Margin = 69.22
0	13:43:17.411	MACD Sample EURUSD,H4: We have no money. Free Margin = 69.22
0	13:43:17.922	MACD Sample EURUSD,H4: We have no money. Free Margin = 69.22
0	13:43:18.093	MACD Sample EURUSD,H4: We have no money. Free Margin = 69.22
0	13:43:18.187	MACD Sample EURUSD,H4: We have no money. Free Margin = 69.22
0	13:43:18.312	MACD Sample EURUSD,H4: We have no money. Free Margin = 69.22
0	13:43:19.865	MACD Sample EURUSD,H4: We have no money. Free Margin = 69.22
0	13:43:21.450	MACD Sample EURUSD,H4: We have no money. Free Margin = 69.22
0	13:43:21.576	MACD Sample EURUSD,H4: We have no money. Free Margin = 69.22
0	13:43:21.685	MACD Sample EURUSD,H4: We have no money. Free Margin = 69.22
0	13:43:21.904	MACD Sample EURUSD,H4: We have no money. Free Margin = 69.22
0	13:43:22.060	MACD Sample EURUSD,H4: We have no money. Free Margin = 69.22
0	13:43:35.766	MACD Sample EURUSD,H4: We have no money. Free Margin = 69.22
0	13:43:36.031	MACD Sample EURUSD,H4: We have no money. Free Margin = 69.22
0	13:43:36.932	MACD Sample EURUSD,H4: We have no money. Free Margin = 69.22
0	13:43:37.213	MACD Sample EURUSD,H4: We have no money. Free Margin = 69.22
0	13:43:37.514	MACD Sample EURUSD,H4: We have no money. Free Margin = 69.22
0	13:43:37.826	MACD Sample EURUSD,H4: We have no money. Free Margin = 69.22
0	13:43:39.538	MACD Sample EURUSD,H4: We have no money. Free Margin = 69.22
0	13:43:39.678	MACD Sample EURUSD,H4: We have no money. Free Margin = 69.22
0	13:43:39.803	MACD Sample EURUSD,H4: We have no money. Free Margin = 69.22
0	13:43:43.326	MACD Sample EURUSD,H4: We have no money. Free Margin = 69.22
0	13:43:46.264	MACD Sample EURUSD,H4: We have no money. Free Margin = 69.22
0	13:43:52.315	MACD Sample EURUSD,H4: We have no money. Free Margin = 69.22
0	13:43:54.010	MACD Sample EURUSD,H4: We have no money. Free Margin = 69.22
0	13:44:00.125	MACD Sample EURUSD,H4: We have no money. Free Margin = 69.22
0	13:44:00.484	MACD Sample EURUSD,H4: We have no money. Free Margin = 69.22
0	13:44:02.556	MACD Sample EURUSD,H4: We have no money. Free Margin = 69.22
0	13:44:04.890	MACD Sample EURUSD,H4: We have no money. Free Margin = 69.22
0	13:44:13.210	MACD Sample EURUSD,H4: We have no money. Free Margin = 69.22
0	13:44:13.413	MACD Sample EURUSD,H4: We have no money. Free Margin = 69.22
0	13:44:13.527	MACD Sample EURUSD,H4: We have no money. Free Margin = 69.22
0	13:44:15.161	MACD Sample EURUSD,H4: We have no money. Free Margin = 69.22
0	13:44:18.241	MACD Sample EURUSD,H4: We have no money. Free Margin = 69.22
0	13:44:18.893	MACD Sample EURUSD,H4: We have no money. Free Margin = 69.22
0	13:44:19.002	MACD Sample EURUSD,H4: We have no money. Free Margin = 69.22
0	13:44:19.127	MACD Sample EURUSD,H4: We have no money. Free Margin = 69.22
0	13:44:19.423	MACD Sample EURUSD,H4: We have no money. Free Margin = 69.22
0	13:44:19.550	MACD Sample EURUSD,H4: We have no money. Free Margin = 69.22
0	13:44:19.878	MACD Sample EURUSD,H4: We have no money. Free Margin = 69.22
0	13:44:20.471	MACD Sample EURUSD,H4: We have no money. Free Margin = 69.22
0	13:44:26.725	MACD Sample EURUSD,H4: We have no money. Free Margin = 69.22
0	13:44:28.360	MACD Sample EURUSD,H4: We have no money. Free Margin = 69.22
0	13:44:28.958	MACD Sample EURUSD,H4: We have no money. Free Margin = 69.22
0	13:44:29.082	MACD Sample EURUSD,H4: We have no money. Free Margin = 69.22
0	13:44:29.207	MACD Sample EURUSD,H4: We have no money. Free Margin = 69.22
0	13:44:29.332	MACD Sample EURUSD,H4: We have no money. Free Margin = 69.22
0	13:44:29.472	MACD Sample EURUSD,H4: We have no money. Free Margin = 69.22
0	13:44:29.665	MACD Sample EURUSD,H4: We have no money. Free Margin = 69.22
0	13:44:29.789	MACD Sample EURUSD,H4: We have no money. Free Margin = 69.22
0	13:44:29.977	MACD Sample EURUSD,H4: We have no money. Free Margin = 69.22
0	13:44:35.364	MACD Sample EURUSD,H4: We have no money. Free Margin = 69.22
0	13:44:35.489	MACD Sample EURUSD,H4: We have no money. Free Margin = 69.22
0	13:44:35.618	MACD Sample EURUSD,H4: We have no money. Free Margin = 69.22
0	13:44:35.738	MACD Sample EURUSD,H4: We have no money. Free Margin = 69.22
0	13:44:36.553	MACD Sample EURUSD,H4: We have no money. Free Margin = 69.22
0	13:44:36.803	MACD Sample EURUSD,H4: We have no money. Free Margin = 69.22
0	13:44:38.561	MACD Sample EURUSD,H4: We have no money. Free Margin = 69.22
0	13:44:38.888	MACD Sample EURUSD,H4: We have no money. Free Margin = 69.22
0	13:44:41.536	MACD Sample EURUSD,H4: We have no money. Free Margin = 69.22
0	13:44:48.154	MACD Sample EURUSD,H4: We have no money. Free Margin = 69.22
0	13:44:48.295	MACD Sample EURUSD,H4: We have no money. Free Margin = 69.22
0	13:44:49.089	MACD Sample EURUSD,H4: We have no money. Free Margin = 69.22
0	13:44:49.198	MACD Sample EURUSD,H4: We have no money. Free Margin = 69.22
0	13:44:53.000	MACD Sample EURUSD,H4: We have no money. Free Margin = 69.22
0	13:44:55.255	MACD Sample EURUSD,H4: We have no money. Free Margin = 69.22
0	13:44:58.365	MACD Sample EURUSD,H4: We have no money. Free Margin = 69.22
0	13:44:58.489	MACD Sample EURUSD,H4: We have no money. Free Margin = 69.22
0	13:44:58.611	MACD Sample EURUSD,H4: We have no money. Free Margin = 69.22
0	13:45:00.261	MACD Sample EURUSD,H4: We have no money. Free Margin = 69.22
0	13:45:00.385	MACD Sample EURUSD,H4: We have no money. Free Margin = 69.22
0	13:45:00.514	MACD Sample EURUSD,H4: We have no money. Free Margin = 69.22
0	13:45:00.647	MACD Sample EURUSD,H4: We have no money. Free Margin = 69.22
0	13:45:00.756	MACD Sample EURUSD,H4: We have no money. Free Margin = 69.22
0	13:45:00.881	MACD Sample EURUSD,H4: We have no money. Free Margin = 69.22
0	13:45:02.366	MACD Sample EURUSD,H4: We have no money. Free Margin = 69.22
0	13:45:02.491	MACD Sample EURUSD,H4: We have no money. Free Margin = 69.22
0	13:45:02.612	MACD Sample EURUSD,H4: We have no money. Free Margin = 69.22
0	13:45:02.737	MACD Sample EURUSD,H4: We have no money. Free Margin = 69.22
0	13:45:04.808	MACD Sample EURUSD,H4: We have no money. Free Margin = 69.22
0	13:45:04.995	MACD Sample EURUSD,H4: We have no money. Free Margin = 69.22
0	13:45:05.120	MACD Sample EURUSD,H4: We have no money. Free Margin = 69.22
0	13:45:05.829	MACD Sample EURUSD,H4: We have no money. Free Margin = 69.22
0	13:45:06.219	MACD Sample EURUSD,H4: We have no money. Free Margin = 69.22
0	13:45:06.645	MACD Sample EURUSD,H4: We have no money. Free Margin = 69.22
0	13:45:06.801	MACD Sample EURUSD,H4: We have no money. Free Margin = 69.22
0	13:45:07.285	MACD Sample EURUSD,H4: We have no money. Free Margin = 69.22
0	13:45:07.409	MACD Sample EURUSD,H4: We have no money. Free Margin = 69.22
0	13:45:07.718	MACD Sample EURUSD,H4: We have no money. Free Margin = 69.22
0	13:45:08.061	MACD Sample EURUSD,H4: We have no money. Free Margin = 69.22
0	13:45:09.974	MACD Sample EURUSD,H4: We have no money. Free Margin = 69.22
0	13:45:10.270	MACD Sample EURUSD,H4: We have no money. Free Margin = 69.22
0	13:45:10.610	MACD Sample EURUSD,H4: We have no money. Free Margin = 69.22
0	13:45:10.750	MACD Sample EURUSD,H4: We have no money. Free Margin = 69.22
0	13:45:13.262	MACD Sample EURUSD,H4: We have no money. Free Margin = 69.22
0	13:45:13.387	MACD Sample EURUSD,H4: We have no money. Free Margin = 69.22
0	13:45:13.501	MACD Sample EURUSD,H4: We have no money. Free Margin = 69.22
0	13:45:13.636	MACD Sample EURUSD,H4: We have no money. Free Margin = 69.22
0	13:45:13.777	MACD Sample EURUSD,H4: We have no money. Free Margin = 69.22
0	13:45:20.073	MACD Sample EURUSD,H4: We have no money. Free Margin = 69.22
0	13:45:27.955	MACD Sample EURUSD,H4: We have no money. Free Margin = 69.22
0	13:45:30.709	MACD Sample EURUSD,H4: We have no money. Free Margin = 69.22
0	13:45:33.588	MACD Sample EURUSD,H4: We have no money. Free Margin = 69.22
0	13:45:33.900	MACD Sample EURUSD,H4: We have no money. Free Margin = 69.22
0	13:45:34.686	MACD Sample EURUSD,H4: We have no money. Free Margin = 69.22
0	13:45:35.045	MACD Sample EURUSD,H4: We have no money. Free Margin = 69.22
0	13:45:35.154	MACD Sample EURUSD,H4: We have no money. Free Margin = 69.22
0	13:45:35.310	MACD Sample EURUSD,H4: We have no money. Free Margin = 69.22
0	13:45:35.435	MACD Sample EURUSD,H4: We have no money. Free Margin = 69.22
0	13:45:35.550	MACD Sample EURUSD,H4: We have no money. Free Margin = 69.22
0	13:45:38.269	MACD Sample EURUSD,H4: We have no money. Free Margin = 69.22
0	13:45:38.624	MACD Sample EURUSD,H4: We have no money. Free Margin = 69.22
0	13:45:38.765	MACD Sample EURUSD,H4: We have no money. Free Margin = 69.22
0	13:45:39.233	MACD Sample EURUSD,H4: We have no money. Free Margin = 69.22
0	13:45:39.467	MACD Sample EURUSD,H4: We have no money. Free Margin = 69.22
0	13:45:40.600	MACD Sample EURUSD,H4: We have no money. Free Margin = 69.22
0	13:45:42.110	MACD Sample EURUSD,H4: We have no money. Free Margin = 69.22
0	13:45:43.968	MACD Sample EURUSD,H4: We have no money. Free Margin = 69.22
0	13:45:44.568	MACD Sample EURUSD,H4: We have no money. Free Margin = 69.22
0	13:45:52.411	MACD Sample EURUSD,H4: We have no money. Free Margin = 69.22
0	13:45:52.579	MACD Sample EURUSD,H4: We have no money. Free Margin = 69.22
0	13:45:59.865	MACD Sample EURUSD,H4: We have no money. Free Margin = 69.22
0	13:46:00.084	MACD Sample EURUSD,H4: We have no money. Free Margin = 69.22
0	13:46:00.224	MACD Sample EURUSD,H4: We have no money. Free Margin = 69.22
0	13:46:02.042	MACD Sample EURUSD,H4: We have no money. Free Margin = 69.22
0	13:46:11.135	MACD Sample EURUSD,H4: We have no money. Free Margin = 69.22
0	13:46:14.068	MACD Sample EURUSD,H4: We have no money. Free Margin = 69.22
0	13:46:15.039	MACD Sample EURUSD,H4: We have no money. Free Margin = 69.22
0	13:46:17.720	MACD Sample EURUSD,H4: We have no money. Free Margin = 69.22
0	13:46:38.312	MACD Sample EURUSD,H4: We have no money. Free Margin = 69.22
0	13:46:47.527	MACD Sample EURUSD,H4: We have no money. Free Margin = 69.22
0	13:46:47.652	MACD Sample EURUSD,H4: We have no money. Free Margin = 69.22
0	13:46:47.777	MACD Sample EURUSD,H4: We have no money. Free Margin = 69.22
0	13:46:48.026	MACD Sample EURUSD,H4: We have no money. Free Margin = 69.22
0	13:46:48.214	MACD Sample EURUSD,H4: We have no money. Free Margin = 69.22
0	13:46:49.068	MACD Sample EURUSD,H4: We have no money. Free Margin = 69.22
0	13:46:49.489	MACD Sample EURUSD,H4: We have no money. Free Margin = 69.22
0	13:46:49.626	MACD Sample EURUSD,H4: We have no money. Free Margin = 69.22
0	13:46:50.250	MACD Sample EURUSD,H4: We have no money. Free Margin = 69.22
0	13:46:55.767	MACD Sample EURUSD,H4: We have no money. Free Margin = 69.22
0	13:46:59.104	MACD Sample EURUSD,H4: We have no money. Free Margin = 69.22
0	13:46:59.229	MACD Sample EURUSD,H4: We have no money. Free Margin = 69.22
0	13:47:03.540	MACD Sample EURUSD,H4: We have no money. Free Margin = 69.22
0	13:47:03.680	MACD Sample EURUSD,H4: We have no money. Free Margin = 69.22
0	13:47:15.297	MACD Sample EURUSD,H4: We have no money. Free Margin = 69.22
0	13:47:21.114	MACD Sample EURUSD,H4: We have no money. Free Margin = 69.22
0	13:47:24.568	MACD Sample EURUSD,H4: We have no money. Free Margin = 69.22
0	13:47:25.333	MACD Sample EURUSD,H4: We have no money. Free Margin = 69.22
0	13:47:34.735	MACD Sample EURUSD,H4: We have no money. Free Margin = 69.22
0	13:47:35.503	MACD Sample EURUSD,H4: We have no money. Free Margin = 69.22
0	13:47:35.793	MACD Sample EURUSD,H4: We have no money. Free Margin = 69.22
0	13:47:40.482	MACD Sample EURUSD,H4: We have no money. Free Margin = 69.22
0	13:47:40.605	MACD Sample EURUSD,H4: We have no money. Free Margin = 69.22
0	13:47:46.434	MACD Sample EURUSD,H4: We have no money. Free Margin = 69.22
0	13:47:47.409	MACD Sample EURUSD,H4: We have no money. Free Margin = 69.22
0	13:47:49.401	MACD Sample EURUSD,H4: We have no money. Free Margin = 69.22
0	13:47:49.959	MACD Sample EURUSD,H4: We have no money. Free Margin = 69.22
0	13:47:50.146	MACD Sample EURUSD,H4: We have no money. Free Margin = 69.22
0	13:47:50.271	MACD Sample EURUSD,H4: We have no money. Free Margin = 69.22
0	13:47:50.396	MACD Sample EURUSD,H4: We have no money. Free Margin = 69.22
0	13:47:57.667	MACD Sample EURUSD,H4: We have no money. Free Margin = 69.22
0	13:48:00.198	MACD Sample EURUSD,H4: We have no money. Free Margin = 69.22
0	13:48:00.516	MACD Sample EURUSD,H4: We have no money. Free Margin = 69.22
0	13:48:02.234	MACD Sample EURUSD,H4: We have no money. Free Margin = 69.22
0	13:48:03.635	MACD Sample EURUSD,H4: We have no money. Free Margin = 69.22
0	13:48:06.202	MACD Sample EURUSD,H4: We have no money. Free Margin = 69.22
0	13:48:06.482	MACD Sample EURUSD,H4: We have no money. Free Margin = 69.22
0	13:48:06.917	MACD Sample EURUSD,H4: We have no money. Free Margin = 69.22
0	13:48:11.130	MACD Sample EURUSD,H4: We have no money. Free Margin = 69.22
0	13:48:11.270	MACD Sample EURUSD,H4: We have no money. Free Margin = 69.22
0	13:48:13.308	MACD Sample EURUSD,H4: We have no money. Free Margin = 69.22
0	13:48:14.115	MACD Sample EURUSD,H4: We have no money. Free Margin = 69.22
0	13:48:14.490	MACD Sample EURUSD,H4: We have no money. Free Margin = 69.22
0	13:48:15.001	MACD Sample EURUSD,H4: We have no money. Free Margin = 69.22
0	13:48:17.509	MACD Sample EURUSD,H4: We have no money. Free Margin = 69.22
0	13:48:19.041	MACD Sample EURUSD,H4: We have no money. Free Margin = 69.22
0	13:48:19.166	MACD Sample EURUSD,H4: We have no money. Free Margin = 69.22
0	13:48:19.291	MACD Sample EURUSD,H4: We have no money. Free Margin = 69.22
0	13:48:24.046	MACD Sample EURUSD,H4: We have no money. Free Margin = 69.22
0	13:48:24.358	MACD Sample EURUSD,H4: We have no money. Free Margin = 69.22
0	13:48:24.482	MACD Sample EURUSD,H4: We have no money. Free Margin = 69.22
0	13:48:24.626	MACD Sample EURUSD,H4: We have no money. Free Margin = 69.22
0	13:48:25.031	MACD Sample EURUSD,H4: We have no money. Free Margin = 69.22
0	13:48:25.172	MACD Sample EURUSD,H4: We have no money. Free Margin = 69.22
0	13:48:25.297	MACD Sample EURUSD,H4: We have no money. Free Margin = 69.22
0	13:48:25.421	MACD Sample EURUSD,H4: We have no money. Free Margin = 69.22
0	13:48:25.535	MACD Sample EURUSD,H4: We have no money. Free Margin = 69.22
0	13:48:26.522	MACD Sample EURUSD,H4: We have no money. Free Margin = 69.22
0	13:48:28.328	MACD Sample EURUSD,H4: We have no money. Free Margin = 69.22
0	13:48:29.269	MACD Sample EURUSD,H4: We have no money. Free Margin = 69.22
0	13:48:30.801	MACD Sample EURUSD,H4: We have no money. Free Margin = 69.22
0	13:48:30.941	MACD Sample EURUSD,H4: We have no money. Free Margin = 69.22
0	13:48:35.683	MACD Sample EURUSD,H4: We have no money. Free Margin = 69.22
0	13:48:36.608	MACD Sample EURUSD,H4: We have no money. Free Margin = 69.22
0	13:48:37.326	MACD Sample EURUSD,H4: We have no money. Free Margin = 69.22
0	13:48:37.466	MACD Sample EURUSD,H4: We have no money. Free Margin = 69.22
0	13:48:37.645	MACD Sample EURUSD,H4: We have no money. Free Margin = 69.22
0	13:48:37.785	MACD Sample EURUSD,H4: We have no money. Free Margin = 69.22
0	13:48:41.589	MACD Sample EURUSD,H4: We have no money. Free Margin = 69.22
0	13:48:42.400	MACD Sample EURUSD,H4: We have no money. Free Margin = 69.22
0	13:48:43.224	MACD Sample EURUSD,H4: We have no money. Free Margin = 69.22
0	13:48:44.932	MACD Sample EURUSD,H4: We have no money. Free Margin = 69.22
0	13:48:48.543	MACD Sample EURUSD,H4: We have no money. Free Margin = 69.22
0	13:48:50.557	MACD Sample EURUSD,H4: We have no money. Free Margin = 69.22
0	13:48:50.681	MACD Sample EURUSD,H4: We have no money. Free Margin = 69.22
0	13:48:50.806	MACD Sample EURUSD,H4: We have no money. Free Margin = 69.22
0	13:48:51.958	MACD Sample EURUSD,H4: We have no money. Free Margin = 69.22
0	13:48:52.083	MACD Sample EURUSD,H4: We have no money. Free Margin = 69.22
0	13:48:52.317	MACD Sample EURUSD,H4: We have no money. Free Margin = 69.22
0	13:48:53.652	MACD Sample EURUSD,H4: We have no money. Free Margin = 69.22
0	13:49:01.513	MACD Sample EURUSD,H4: We have no money. Free Margin = 69.22
0	13:49:02.302	MACD Sample EURUSD,H4: We have no money. Free Margin = 69.22
0	13:49:03.652	MACD Sample EURUSD,H4: We have no money. Free Margin = 69.22
0	13:49:05.626	MACD Sample EURUSD,H4: We have no money. Free Margin = 69.22
0	13:49:06.979	MACD Sample EURUSD,H4: We have no money. Free Margin = 69.22
0	13:49:07.104	MACD Sample EURUSD,H4: We have no money. Free Margin = 69.22
0	13:49:07.896	MACD Sample EURUSD,H4: We have no money. Free Margin = 69.22
0	13:49:08.021	MACD Sample EURUSD,H4: We have no money. Free Margin = 69.22
0	13:49:10.066	MACD Sample EURUSD,H4: We have no money. Free Margin = 69.22
0	13:49:13.260	MACD Sample EURUSD,H4: We have no money. Free Margin = 69.22
0	13:49:16.537	MACD Sample EURUSD,H4: We have no money. Free Margin = 69.22
0	13:49:17.270	MACD Sample EURUSD,H4: We have no money. Free Margin = 69.22
0	13:49:18.500	MACD Sample EURUSD,H4: We have no money. Free Margin = 69.22
0	13:49:18.621	MACD Sample EURUSD,H4: We have no money. Free Margin = 69.22
0	13:49:18.855	MACD Sample EURUSD,H4: We have no money. Free Margin = 69.22
0	13:49:18.980	MACD Sample EURUSD,H4: We have no money. Free Margin = 69.22
0	13:49:23.003	MACD Sample EURUSD,H4: We have no money. Free Margin = 69.22
0	13:49:23.471	MACD Sample EURUSD,H4: We have no money. Free Margin = 69.22
0	13:49:23.624	MACD Sample EURUSD,H4: We have no money. Free Margin = 69.22
0	13:49:25.127	MACD Sample EURUSD,H4: We have no money. Free Margin = 69.22
0	13:49:28.636	MACD Sample EURUSD,H4: We have no money. Free Margin = 69.22
0	13:49:29.569	MACD Sample EURUSD,H4: We have no money. Free Margin = 69.22
0	13:49:34.964	MACD Sample EURUSD,H4: We have no money. Free Margin = 69.22
0	13:49:36.798	MACD Sample EURUSD,H4: We have no money. Free Margin = 69.22
0	13:49:36.922	MACD Sample EURUSD,H4: We have no money. Free Margin = 69.22
0	13:49:37.636	MACD Sample EURUSD,H4: We have no money. Free Margin = 69.22
0	13:49:38.756	MACD Sample EURUSD,H4: We have no money. Free Margin = 69.22
0	13:49:38.881	MACD Sample EURUSD,H4: We have no money. Free Margin = 69.22
0	13:49:40.652	MACD Sample EURUSD,H4: We have no money. Free Margin = 69.22
0	13:49:44.167	MACD Sample EURUSD,H4: We have no money. Free Margin = 69.22
0	13:49:44.276	MACD Sample EURUSD,H4: We have no money. Free Margin = 69.22
0	13:49:54.437	MACD Sample EURUSD,H4: We have no money. Free Margin = 69.22
0	13:49:54.613	MACD Sample EURUSD,H4: We have no money. Free Margin = 69.22
0	13:49:58.168	MACD Sample EURUSD,H4: We have no money. Free Margin = 69.22
0	13:49:59.834	MACD Sample EURUSD,H4: We have no money. Free Margin = 69.22
0	13:49:59.959	MACD Sample EURUSD,H4: We have no money. Free Margin = 69.22
0	13:50:00.115	MACD Sample EURUSD,H4: We have no money. Free Margin = 69.22
0	13:50:03.413	MACD Sample EURUSD,H4: We have no money. Free Margin = 69.22
0	13:50:04.653	MACD Sample EURUSD,H4: We have no money. Free Margin = 69.22
0	13:50:04.778	MACD Sample EURUSD,H4: We have no money. Free Margin = 69.22
0	13:50:04.903	MACD Sample EURUSD,H4: We have no money. Free Margin = 69.22
0	13:50:05.355	MACD Sample EURUSD,H4: We have no money. Free Margin = 69.22
0	13:50:08.391	MACD Sample EURUSD,H4: We have no money. Free Margin = 69.22
0	13:50:09.569	MACD Sample EURUSD,H4: We have no money. Free Margin = 69.22
0	13:50:10.427	MACD Sample EURUSD,H4: We have no money. Free Margin = 69.22
0	13:50:10.564	MACD Sample EURUSD,H4: We have no money. Free Margin = 69.22
0	13:50:10.704	MACD Sample EURUSD,H4: We have no money. Free Margin = 69.22
0	13:50:10.969	MACD Sample EURUSD,H4: We have no money. Free Margin = 69.22
0	13:50:13.788	MACD Sample EURUSD,H4: We have no money. Free Margin = 69.22
0	13:50:14.366	MACD Sample EURUSD,H4: We have no money. Free Margin = 69.22
0	13:50:14.721	MACD Sample EURUSD,H4: We have no money. Free Margin = 69.22
0	13:50:14.877	MACD Sample EURUSD,H4: We have no money. Free Margin = 69.22
0	13:50:20.937	MACD Sample EURUSD,H4: We have no money. Free Margin = 69.22
0	13:50:21.062	MACD Sample EURUSD,H4: We have no money. Free Margin = 69.22
0	13:50:23.255	MACD Sample EURUSD,H4: We have no money. Free Margin = 69.22
0	13:50:23.806	MACD Sample EURUSD,H4: We have no money. Free Margin = 69.22
0	13:50:24.056	MACD Sample EURUSD,H4: We have no money. Free Margin = 69.22
0	13:50:26.342	MACD Sample EURUSD,H4: We have no money. Free Margin = 69.22
0	13:50:27.958	MACD Sample EURUSD,H4: We have no money. Free Margin = 69.22
0	13:50:31.901	MACD Sample EURUSD,H4: We have no money. Free Margin = 69.22
0	13:50:32.026	MACD Sample EURUSD,H4: We have no money. Free Margin = 69.22
0	13:50:32.151	MACD Sample EURUSD,H4: We have no money. Free Margin = 69.22
0	13:50:32.479	MACD Sample EURUSD,H4: We have no money. Free Margin = 69.22
0	13:50:33.296	MACD Sample EURUSD,H4: We have no money. Free Margin = 69.22
0	13:50:38.063	MACD Sample EURUSD,H4: We have no money. Free Margin = 69.22
0	13:50:38.188	MACD Sample EURUSD,H4: We have no money. Free Margin = 69.22
0	13:50:38.344	MACD Sample EURUSD,H4: We have no money. Free Margin = 69.22
0	13:50:38.469	MACD Sample EURUSD,H4: We have no money. Free Margin = 69.22
0	13:50:38.590	MACD Sample EURUSD,H4: We have no money. Free Margin = 69.22
0	13:50:38.715	MACD Sample EURUSD,H4: We have no money. Free Margin = 69.22
0	13:50:38.964	MACD Sample EURUSD,H4: We have no money. Free Margin = 69.22
0	13:50:41.708	MACD Sample EURUSD,H4: We have no money. Free Margin = 69.22
0	13:50:41.864	MACD Sample EURUSD,H4: We have no money. Free Margin = 69.22
0	13:50:49.561	MACD Sample EURUSD,H4: We have no money. Free Margin = 69.22
0	13:50:49.889	MACD Sample EURUSD,H4: We have no money. Free Margin = 69.22
0	13:50:50.014	MACD Sample EURUSD,H4: We have no money. Free Margin = 69.22
0	13:50:50.917	MACD Sample EURUSD,H4: We have no money. Free Margin = 69.22
0	13:50:51.057	MACD Sample EURUSD,H4: We have no money. Free Margin = 69.22
0	13:50:54.959	MACD Sample EURUSD,H4: We have no money. Free Margin = 69.22
0	13:50:55.302	MACD Sample EURUSD,H4: We have no money. Free Margin = 69.22
0	13:50:58.824	MACD Sample EURUSD,H4: We have no money. Free Margin = 69.22
0	13:50:58.948	MACD Sample EURUSD,H4: We have no money. Free Margin = 69.22
0	13:51:00.193	MACD Sample EURUSD,H4: We have no money. Free Margin = 69.22
0	13:51:00.318	MACD Sample EURUSD,H4: We have no money. Free Margin = 69.22
0	13:51:01.422	MACD Sample EURUSD,H4: We have no money. Free Margin = 69.22
0	13:51:01.543	MACD Sample EURUSD,H4: We have no money. Free Margin = 69.22
0	13:51:02.370	MACD Sample EURUSD,H4: We have no money. Free Margin = 69.22
0	13:51:04.827	MACD Sample EURUSD,H4: We have no money. Free Margin = 69.22
0	13:51:06.494	MACD Sample EURUSD,H4: We have no money. Free Margin = 69.22
0	13:51:08.662	MACD Sample EURUSD,H4: We have no money. Free Margin = 69.22
0	13:51:08.803	MACD Sample EURUSD,H4: We have no money. Free Margin = 69.22
0	13:51:08.927	MACD Sample EURUSD,H4: We have no money. Free Margin = 69.22
0	13:51:09.349	MACD Sample EURUSD,H4: We have no money. Free Margin = 69.22
0	13:51:09.473	MACD Sample EURUSD,H4: We have no money. Free Margin = 69.22
0	13:51:09.595	MACD Sample EURUSD,H4: We have no money. Free Margin = 69.22
0	13:51:09.938	MACD Sample EURUSD,H4: We have no money. Free Margin = 69.22
0	13:51:10.063	MACD Sample EURUSD,H4: We have no money. Free Margin = 69.22
0	13:51:10.390	MACD Sample EURUSD,H4: We have no money. Free Margin = 69.22
0	13:51:10.699	MACD Sample EURUSD,H4: We have no money. Free Margin = 69.22
0	13:51:10.855	MACD Sample EURUSD,H4: We have no money. Free Margin = 69.22
0	13:51:11.401	MACD Sample EURUSD,H4: We have no money. Free Margin = 69.22
0	13:51:13.486	MACD Sample EURUSD,H4: We have no money. Free Margin = 69.22
0	13:51:13.882	MACD Sample EURUSD,H4: We have no money. Free Margin = 69.22
0	13:51:14.256	MACD Sample EURUSD,H4: We have no money. Free Margin = 69.22
0	13:51:14.397	MACD Sample EURUSD,H4: We have no money. Free Margin = 69.22
0	13:51:14.931	MACD Sample EURUSD,H4: We have no money. Free Margin = 69.22
0	13:51:15.551	MACD Sample EURUSD,H4: We have no money. Free Margin = 69.22
0	13:51:18.582	MACD Sample EURUSD,H4: We have no money. Free Margin = 69.22
0	13:51:18.801	MACD Sample EURUSD,H4: We have no money. Free Margin = 69.22
0	13:51:19.378	MACD Sample EURUSD,H4: We have no money. Free Margin = 69.22
0	13:51:20.476	MACD Sample EURUSD,H4: We have no money. Free Margin = 69.22
0	13:51:21.494	MACD Sample EURUSD,H4: We have no money. Free Margin = 69.22
0	13:51:21.631	MACD Sample EURUSD,H4: We have no money. Free Margin = 69.22
0	13:51:21.849	MACD Sample EURUSD,H4: We have no money. Free Margin = 69.22
0	13:51:24.555	MACD Sample EURUSD,H4: We have no money. Free Margin = 69.22
0	13:51:24.867	MACD Sample EURUSD,H4: We have no money. Free Margin = 69.22
0	13:51:30.947	MACD Sample EURUSD,H4: We have no money. Free Margin = 69.22
0	13:51:32.201	MACD Sample EURUSD,H4: We have no money. Free Margin = 69.22
0	13:51:32.373	MACD Sample EURUSD,H4: We have no money. Free Margin = 69.22
0	13:51:36.422	MACD Sample EURUSD,H4: We have no money. Free Margin = 69.22
0	13:51:36.527	MACD Sample EURUSD,H4: We have no money. Free Margin = 69.22
0	13:51:37.766	MACD Sample EURUSD,H4: We have no money. Free Margin = 69.22
0	13:51:39.673	MACD Sample EURUSD,H4: We have no money. Free Margin = 69.22
0	13:51:39.861	MACD Sample EURUSD,H4: We have no money. Free Margin = 69.22
0	13:51:45.259	MACD Sample EURUSD,H4: We have no money. Free Margin = 69.22
0	13:51:45.384	MACD Sample EURUSD,H4: We have no money. Free Margin = 69.22
0	13:51:51.281	MACD Sample EURUSD,H4: We have no money. Free Margin = 69.22
0	13:51:51.406	MACD Sample EURUSD,H4: We have no money. Free Margin = 69.22
0	13:51:51.527	MACD Sample EURUSD,H4: We have no money. Free Margin = 69.22
0	13:51:58.339	MACD Sample EURUSD,H4: We have no money. Free Margin = 69.22
0	13:51:58.463	MACD Sample EURUSD,H4: We have no money. Free Margin = 69.22
0	13:51:59.318	MACD Sample EURUSD,H4: We have no money. Free Margin = 69.22
0	13:51:59.844	MACD Sample EURUSD,H4: We have no money. Free Margin = 69.22
0	13:52:00.483	MACD Sample EURUSD,H4: We have no money. Free Margin = 69.22
0	13:52:01.787	MACD Sample EURUSD,H4: We have no money. Free Margin = 69.22
0	13:52:01.912	MACD Sample EURUSD,H4: We have no money. Free Margin = 69.22
0	13:52:11.043	MACD Sample EURUSD,H4: We have no money. Free Margin = 69.22
0	13:52:11.152	MACD Sample EURUSD,H4: We have no money. Free Margin = 69.22
0	13:52:11.640	MACD Sample EURUSD,H4: We have no money. Free Margin = 69.22
0	13:52:12.406	MACD Sample EURUSD,H4: We have no money. Free Margin = 69.22
0	13:52:13.693	MACD Sample EURUSD,H4: We have no money. Free Margin = 69.22
0	13:52:14.442	MACD Sample EURUSD,H4: We have no money. Free Margin = 69.22
0	13:52:14.745	MACD Sample EURUSD,H4: We have no money. Free Margin = 69.22
0	13:52:25.050	MACD Sample EURUSD,H4: We have no money. Free Margin = 69.22
0	13:52:28.719	MACD Sample EURUSD,H4: We have no money. Free Margin = 69.22
0	13:52:30.709	MACD Sample EURUSD,H4: We have no money. Free Margin = 69.22
0	13:52:33.601	MACD Sample EURUSD,H4: uninit reason 9
0	13:52:33.616	Expert MACD Sample EURUSD,H4: removed
0	21:47:53.378	Expert MACD Sample EURUSD,H4: loaded successfully
0	21:47:53.378	MACD Sample EURUSD,H4 inputs: TakeProfit=50.0; Lots=0.1; TrailingStop=30.0; MACDOpenLevel=3.0; MACDCloseLevel=2.0; MATrendPeriod=26; 
